<?xml version="1.0" encoding="UTF-8"?>
<testsuites name="jest tests" tests="16" failures="2" time="5.926">
  <testsuite name="React Instagram APP" errors="0" failures="2" skipped="0" timestamp="2020-06-05T05:00:55" time="4.806" tests="16">
    <testcase classname="React Instagram APP Folder Strucutre and data-test-id attributes should should render properly the &lt;Loading&gt; component" name="React Instagram APP Folder Strucutre and data-test-id attributes should should render properly the &lt;Loading&gt; component" time="0.036">
    </testcase>
    <testcase classname="React Instagram APP Folder Strucutre and data-test-id attributes should should render properly the &lt;Post&gt; component" name="React Instagram APP Folder Strucutre and data-test-id attributes should should render properly the &lt;Post&gt; component" time="0.021">
    </testcase>
    <testcase classname="React Instagram APP Folder Strucutre and data-test-id attributes should should render properly the &lt;Story&gt; component" name="React Instagram APP Folder Strucutre and data-test-id attributes should should render properly the &lt;Story&gt; component" time="0.008">
    </testcase>
    <testcase classname="React Instagram APP Folder Strucutre and data-test-id attributes should should render properly the &lt;SuccessMessage&gt; component" name="React Instagram APP Folder Strucutre and data-test-id attributes should should render properly the &lt;SuccessMessage&gt; component" time="0.008">
    </testcase>
    <testcase classname="React Instagram APP Folder Strucutre and data-test-id attributes should should render properly the &lt;Topbar&gt; component" name="React Instagram APP Folder Strucutre and data-test-id attributes should should render properly the &lt;Topbar&gt; component" time="0.005">
    </testcase>
    <testcase classname="React Instagram APP Folder Strucutre and data-test-id attributes should should render properly the &lt;User&gt; component" name="React Instagram APP Folder Strucutre and data-test-id attributes should should render properly the &lt;User&gt; component" time="0.004">
    </testcase>
    <testcase classname="React Instagram APP Folder Strucutre and data-test-id attributes should should render properly the &lt;App&gt; container" name="React Instagram APP Folder Strucutre and data-test-id attributes should should render properly the &lt;App&gt; container" time="0.057">
    </testcase>
    <testcase classname="React Instagram APP Folder Strucutre and data-test-id attributes should should render properly the &lt;Posts&gt; container" name="React Instagram APP Folder Strucutre and data-test-id attributes should should render properly the &lt;Posts&gt; container" time="0.003">
    </testcase>
    <testcase classname="React Instagram APP Folder Strucutre and data-test-id attributes should should render properly the &lt;Stories&gt; container" name="React Instagram APP Folder Strucutre and data-test-id attributes should should render properly the &lt;Stories&gt; container" time="0.003">
    </testcase>
    <testcase classname="React Instagram APP Folder Strucutre and data-test-id attributes should should render properly the &lt;UserForm&gt; container" name="React Instagram APP Folder Strucutre and data-test-id attributes should should render properly the &lt;UserForm&gt; container" time="0.015">
    </testcase>
    <testcase classname="React Instagram APP Folder Strucutre and data-test-id attributes should should render properly the &lt;UserPosts&gt; container" name="React Instagram APP Folder Strucutre and data-test-id attributes should should render properly the &lt;UserPosts&gt; container" time="0.006">
    </testcase>
    <testcase classname="React Instagram APP Folder Strucutre and data-test-id attributes should should render properly the &lt;UserProfile&gt; container" name="React Instagram APP Folder Strucutre and data-test-id attributes should should render properly the &lt;UserProfile&gt; container" time="0.003">
    </testcase>
    <testcase classname="React Instagram APP should should render properly the &lt;FeedRoute&gt; component" name="React Instagram APP should should render properly the &lt;FeedRoute&gt; component" time="0.01">
    </testcase>
    <testcase classname="React Instagram APP should should render properly the &lt;NewUserRoute&gt; component" name="React Instagram APP should should render properly the &lt;NewUserRoute&gt; component" time="0.008">
    </testcase>
    <testcase classname="React Instagram APP should should render properly the &lt;ProfileRoute&gt; component" name="React Instagram APP should should render properly the &lt;ProfileRoute&gt; component" time="0.019">
      <failure>Error: Unable to find an element by: [data-testid=&quot;profile-route&quot;]

&lt;body&gt;
  &lt;div&gt;
    &lt;div
      class=&quot;loading&quot;
      data-testid=&quot;loading&quot;
    &gt;
      &lt;div
        class=&quot;preloader&quot;
      &gt;
        &lt;span /&gt;
        &lt;span /&gt;
        &lt;span /&gt;
        &lt;span /&gt;
        &lt;span /&gt;
        &lt;span /&gt;
      &lt;/div&gt;
      Carregando
    &lt;/div&gt;
  &lt;/div&gt;
&lt;/body&gt;
    at Object.getElementError (C:\Users\Elaine\codenation\react-16\node_modules\@testing-library\dom\dist\config.js:34:12)
    at C:\Users\Elaine\codenation\react-16\node_modules\@testing-library\dom\dist\query-helpers.js:71:38
    at getByTestId (C:\Users\Elaine\codenation\react-16\node_modules\@testing-library\dom\dist\query-helpers.js:54:17)
    at Object.&lt;anonymous&gt; (C:\Users\Elaine\codenation\react-16\src\__tests__\submit.test.js:227:23)
    at Object.asyncJestTest (C:\Users\Elaine\codenation\react-16\node_modules\jest-jasmine2\build\jasmineAsyncInstall.js:102:37)
    at C:\Users\Elaine\codenation\react-16\node_modules\jest-jasmine2\build\queueRunner.js:43:12
    at new Promise (&lt;anonymous&gt;)
    at mapper (C:\Users\Elaine\codenation\react-16\node_modules\jest-jasmine2\build\queueRunner.js:26:19)
    at C:\Users\Elaine\codenation\react-16\node_modules\jest-jasmine2\build\queueRunner.js:73:41</failure>
    </testcase>
    <testcase classname="React Instagram APP should should render properly the &lt;UsersRoute&gt; component" name="React Instagram APP should should render properly the &lt;UsersRoute&gt; component" time="0.007">
      <failure>Error: Unable to find an element by: [data-testid=&quot;users-route&quot;]

&lt;body&gt;
  &lt;div&gt;
    &lt;div
      class=&quot;loading&quot;
      data-testid=&quot;loading&quot;
    &gt;
      &lt;div
        class=&quot;preloader&quot;
      &gt;
        &lt;span /&gt;
        &lt;span /&gt;
        &lt;span /&gt;
        &lt;span /&gt;
        &lt;span /&gt;
        &lt;span /&gt;
      &lt;/div&gt;
      Carregando
    &lt;/div&gt;
  &lt;/div&gt;
&lt;/body&gt;
    at Object.getElementError (C:\Users\Elaine\codenation\react-16\node_modules\@testing-library\dom\dist\config.js:34:12)
    at C:\Users\Elaine\codenation\react-16\node_modules\@testing-library\dom\dist\query-helpers.js:71:38
    at getByTestId (C:\Users\Elaine\codenation\react-16\node_modules\@testing-library\dom\dist\query-helpers.js:54:17)
    at Object.&lt;anonymous&gt; (C:\Users\Elaine\codenation\react-16\src\__tests__\submit.test.js:238:23)
    at Object.asyncJestTest (C:\Users\Elaine\codenation\react-16\node_modules\jest-jasmine2\build\jasmineAsyncInstall.js:102:37)
    at C:\Users\Elaine\codenation\react-16\node_modules\jest-jasmine2\build\queueRunner.js:43:12
    at new Promise (&lt;anonymous&gt;)
    at mapper (C:\Users\Elaine\codenation\react-16\node_modules\jest-jasmine2\build\queueRunner.js:26:19)
    at C:\Users\Elaine\codenation\react-16\node_modules\jest-jasmine2\build\queueRunner.js:73:41</failure>
    </testcase>
  </testsuite>
</testsuites>